---
source: tests/parse_input.rs
expression: "parses[0..=3].join(\"\\n\")"
---
<a> ::= ""
└── ""

<a> ::= <b>
└── <b> ::= <a>
    └── <a> ::= ""
        └── ""

<a> ::= <b>
└── <b> ::= <a>
    └── <a> ::= <b>
        └── <b> ::= <a>
            └── <a> ::= ""
                └── ""

<a> ::= <b>
└── <b> ::= <a>
    └── <a> ::= <b>
        └── <b> ::= <a>
            └── <a> ::= <b>
                └── <b> ::= <a>
                    └── <a> ::= ""
                        └── ""

