---
source: tests/parse_input.rs
expression: "parses.join(\"\\n\")"
---
<a> ::= <a> "a"
├── <a> ::= <a> "a"
│   ├── <a> ::= <a> "a"
│   │   ├── <a> ::= <a> "a"
│   │   │   ├── <a> ::= <a> "a"
│   │   │   │   ├── <a> ::= <a> "a"
│   │   │   │   │   ├── <a> ::= <a> "a"
│   │   │   │   │   │   ├── <a> ::= <a> "a"
│   │   │   │   │   │   │   ├── <a> ::= <a> "a"
│   │   │   │   │   │   │   │   ├── <a> ::= <a> "a"
│   │   │   │   │   │   │   │   │   ├── <a> ::= ""
│   │   │   │   │   │   │   │   │   │   └── ""
│   │   │   │   │   │   │   │   │   └── "a"
│   │   │   │   │   │   │   │   └── "a"
│   │   │   │   │   │   │   └── "a"
│   │   │   │   │   │   └── "a"
│   │   │   │   │   └── "a"
│   │   │   │   └── "a"
│   │   │   └── "a"
│   │   └── "a"
│   └── "a"
└── "a"

